============================================================
  Hybrid V-JEPA × VideoMamba — Training Log
  Experiment: ntu60_cs_joint
  Seed: 42
============================================================

Epoch   1/100 | LR: 0.000100 | Train Loss: 4.1360 (cls: 3.1020, jepa: 1.0340) | Train Acc: 21.87% | Val Loss: 4.4520 | Val Acc: 30.00%
Epoch   2/100 | LR: 0.000200 | Train Loss: 3.9861 (cls: 2.9896, jepa: 0.9965) | Train Acc: 21.37% | Val Loss: 4.2403 | Val Acc: 30.00%
Epoch   3/100 | LR: 0.000300 | Train Loss: 3.8368 (cls: 2.8776, jepa: 0.9592) | Train Acc: 26.69% | Val Loss: 4.2721 | Val Acc: 30.00%
Epoch   4/100 | LR: 0.000400 | Train Loss: 3.7414 (cls: 2.8061, jepa: 0.9354) | Train Acc: 28.70% | Val Loss: 3.9462 | Val Acc: 30.00%
Epoch   5/100 | LR: 0.000500 | Train Loss: 3.5872 (cls: 2.6904, jepa: 0.8968) | Train Acc: 33.07% | Val Loss: 3.9322 | Val Acc: 30.00%
Epoch   6/100 | LR: 0.000500 | Train Loss: 3.4731 (cls: 2.6048, jepa: 0.8683) | Train Acc: 29.45% | Val Loss: 3.8901 | Val Acc: 30.00%
Epoch   7/100 | LR: 0.000499 | Train Loss: 3.3668 (cls: 2.5251, jepa: 0.8417) | Train Acc: 33.72% | Val Loss: 3.7672 | Val Acc: 30.00%
Epoch   8/100 | LR: 0.000499 | Train Loss: 3.2437 (cls: 2.4328, jepa: 0.8109) | Train Acc: 33.78% | Val Loss: 3.4951 | Val Acc: 30.00%
Epoch   9/100 | LR: 0.000498 | Train Loss: 2.9597 (cls: 2.2198, jepa: 0.7399) | Train Acc: 36.53% | Val Loss: 3.6411 | Val Acc: 30.00%
Epoch  10/100 | LR: 0.000497 | Train Loss: 3.0145 (cls: 2.2609, jepa: 0.7536) | Train Acc: 37.00% | Val Loss: 3.3631 | Val Acc: 30.00%
Epoch  11/100 | LR: 0.000495 | Train Loss: 2.8718 (cls: 2.1539, jepa: 0.7180) | Train Acc: 40.49% | Val Loss: 3.4576 | Val Acc: 30.00%
Epoch  12/100 | LR: 0.000493 | Train Loss: 2.8071 (cls: 2.1053, jepa: 0.7018) | Train Acc: 43.37% | Val Loss: 3.3386 | Val Acc: 30.00%
Epoch  13/100 | LR: 0.000491 | Train Loss: 2.6467 (cls: 1.9850, jepa: 0.6617) | Train Acc: 42.79% | Val Loss: 3.2582 | Val Acc: 30.00%
Epoch  14/100 | LR: 0.000489 | Train Loss: 2.5723 (cls: 1.9292, jepa: 0.6431) | Train Acc: 50.39% | Val Loss: 3.0183 | Val Acc: 30.00%
Epoch  15/100 | LR: 0.000486 | Train Loss: 2.5337 (cls: 1.9003, jepa: 0.6334) | Train Acc: 50.02% | Val Loss: 3.1341 | Val Acc: 30.00%
Epoch  16/100 | LR: 0.000484 | Train Loss: 2.4805 (cls: 1.8604, jepa: 0.6201) | Train Acc: 48.40% | Val Loss: 2.9219 | Val Acc: 30.00%
Epoch  17/100 | LR: 0.000481 | Train Loss: 2.3741 (cls: 1.7806, jepa: 0.5935) | Train Acc: 47.08% | Val Loss: 2.9273 | Val Acc: 30.00%
Epoch  18/100 | LR: 0.000477 | Train Loss: 2.2312 (cls: 1.6734, jepa: 0.5578) | Train Acc: 52.74% | Val Loss: 3.0631 | Val Acc: 30.00%
Epoch  19/100 | LR: 0.000474 | Train Loss: 2.2017 (cls: 1.6512, jepa: 0.5504) | Train Acc: 51.37% | Val Loss: 2.6789 | Val Acc: 30.00%
Epoch  20/100 | LR: 0.000470 | Train Loss: 2.1449 (cls: 1.6087, jepa: 0.5362) | Train Acc: 52.71% | Val Loss: 2.7702 | Val Acc: 30.00%
Epoch  21/100 | LR: 0.000466 | Train Loss: 1.9907 (cls: 1.4930, jepa: 0.4977) | Train Acc: 54.47% | Val Loss: 2.5221 | Val Acc: 30.00%
Epoch  22/100 | LR: 0.000462 | Train Loss: 1.9307 (cls: 1.4481, jepa: 0.4827) | Train Acc: 57.07% | Val Loss: 2.5656 | Val Acc: 32.69%
Epoch  23/100 | LR: 0.000457 | Train Loss: 1.9071 (cls: 1.4304, jepa: 0.4768) | Train Acc: 57.72% | Val Loss: 2.5956 | Val Acc: 34.34%
Epoch  24/100 | LR: 0.000452 | Train Loss: 1.8453 (cls: 1.3839, jepa: 0.4613) | Train Acc: 56.47% | Val Loss: 2.4851 | Val Acc: 36.00%
Epoch  25/100 | LR: 0.000447 | Train Loss: 1.8329 (cls: 1.3746, jepa: 0.4582) | Train Acc: 59.51% | Val Loss: 2.3536 | Val Acc: 38.26%
Epoch  26/100 | LR: 0.000442 | Train Loss: 1.7935 (cls: 1.3451, jepa: 0.4484) | Train Acc: 60.85% | Val Loss: 2.2208 | Val Acc: 38.91%
Epoch  27/100 | LR: 0.000437 | Train Loss: 1.6508 (cls: 1.2381, jepa: 0.4127) | Train Acc: 64.48% | Val Loss: 2.3483 | Val Acc: 41.36%
Epoch  28/100 | LR: 0.000431 | Train Loss: 1.4863 (cls: 1.1147, jepa: 0.3716) | Train Acc: 64.04% | Val Loss: 2.1718 | Val Acc: 43.08%
Epoch  29/100 | LR: 0.000425 | Train Loss: 1.5226 (cls: 1.1419, jepa: 0.3806) | Train Acc: 63.57% | Val Loss: 2.0703 | Val Acc: 45.48%
Epoch  30/100 | LR: 0.000419 | Train Loss: 1.4834 (cls: 1.1125, jepa: 0.3708) | Train Acc: 67.23% | Val Loss: 2.0899 | Val Acc: 46.33%
Epoch  31/100 | LR: 0.000413 | Train Loss: 1.4624 (cls: 1.0968, jepa: 0.3656) | Train Acc: 62.93% | Val Loss: 1.9573 | Val Acc: 48.50%
Epoch  32/100 | LR: 0.000407 | Train Loss: 1.4564 (cls: 1.0923, jepa: 0.3641) | Train Acc: 66.29% | Val Loss: 2.0597 | Val Acc: 51.31%
Epoch  33/100 | LR: 0.000400 | Train Loss: 1.4368 (cls: 1.0776, jepa: 0.3592) | Train Acc: 64.53% | Val Loss: 2.0186 | Val Acc: 52.04%
Epoch  34/100 | LR: 0.000394 | Train Loss: 1.4139 (cls: 1.0604, jepa: 0.3535) | Train Acc: 64.59% | Val Loss: 2.0015 | Val Acc: 54.38%
Epoch  35/100 | LR: 0.000387 | Train Loss: 1.3631 (cls: 1.0223, jepa: 0.3408) | Train Acc: 70.18% | Val Loss: 1.8476 | Val Acc: 55.75%
Epoch  36/100 | LR: 0.000380 | Train Loss: 1.1853 (cls: 0.8890, jepa: 0.2963) | Train Acc: 69.92% | Val Loss: 2.0604 | Val Acc: 57.41%
Epoch  37/100 | LR: 0.000373 | Train Loss: 1.1800 (cls: 0.8850, jepa: 0.2950) | Train Acc: 70.92% | Val Loss: 1.7787 | Val Acc: 58.51%
Epoch  38/100 | LR: 0.000366 | Train Loss: 1.1879 (cls: 0.8909, jepa: 0.2970) | Train Acc: 72.66% | Val Loss: 1.7749 | Val Acc: 61.61%
Epoch  39/100 | LR: 0.000358 | Train Loss: 1.0847 (cls: 0.8135, jepa: 0.2712) | Train Acc: 72.64% | Val Loss: 1.7906 | Val Acc: 62.84%
Epoch  40/100 | LR: 0.000351 | Train Loss: 1.0726 (cls: 0.8044, jepa: 0.2681) | Train Acc: 74.68% | Val Loss: 1.7748 | Val Acc: 64.26%
Epoch  41/100 | LR: 0.000343 | Train Loss: 1.1396 (cls: 0.8547, jepa: 0.2849) | Train Acc: 74.30% | Val Loss: 1.8844 | Val Acc: 65.92%
Epoch  42/100 | LR: 0.000335 | Train Loss: 1.0577 (cls: 0.7933, jepa: 0.2644) | Train Acc: 73.13% | Val Loss: 1.7829 | Val Acc: 67.36%
Epoch  43/100 | LR: 0.000328 | Train Loss: 1.0222 (cls: 0.7667, jepa: 0.2556) | Train Acc: 75.39% | Val Loss: 1.5498 | Val Acc: 69.32%
Epoch  44/100 | LR: 0.000320 | Train Loss: 0.9019 (cls: 0.6764, jepa: 0.2255) | Train Acc: 75.56% | Val Loss: 1.5077 | Val Acc: 70.28%
Epoch  45/100 | LR: 0.000312 | Train Loss: 1.0047 (cls: 0.7536, jepa: 0.2512) | Train Acc: 76.77% | Val Loss: 1.5888 | Val Acc: 71.07%
Epoch  46/100 | LR: 0.000304 | Train Loss: 0.9255 (cls: 0.6941, jepa: 0.2314) | Train Acc: 73.17% | Val Loss: 1.5018 | Val Acc: 73.04%
Epoch  47/100 | LR: 0.000296 | Train Loss: 0.8731 (cls: 0.6548, jepa: 0.2183) | Train Acc: 77.74% | Val Loss: 1.4188 | Val Acc: 74.29%
Epoch  48/100 | LR: 0.000287 | Train Loss: 0.9064 (cls: 0.6798, jepa: 0.2266) | Train Acc: 79.26% | Val Loss: 1.4858 | Val Acc: 74.91%
Epoch  49/100 | LR: 0.000279 | Train Loss: 0.8636 (cls: 0.6477, jepa: 0.2159) | Train Acc: 82.29% | Val Loss: 1.4892 | Val Acc: 75.50%
Epoch  50/100 | LR: 0.000271 | Train Loss: 0.8260 (cls: 0.6195, jepa: 0.2065) | Train Acc: 78.06% | Val Loss: 1.3917 | Val Acc: 78.32%
Epoch  51/100 | LR: 0.000263 | Train Loss: 0.9322 (cls: 0.6991, jepa: 0.2330) | Train Acc: 77.88% | Val Loss: 1.3171 | Val Acc: 78.62%
Epoch  52/100 | LR: 0.000255 | Train Loss: 0.7652 (cls: 0.5739, jepa: 0.1913) | Train Acc: 79.36% | Val Loss: 1.3608 | Val Acc: 79.28%
Epoch  53/100 | LR: 0.000246 | Train Loss: 0.6749 (cls: 0.5062, jepa: 0.1687) | Train Acc: 83.71% | Val Loss: 1.4900 | Val Acc: 80.24%
Epoch  54/100 | LR: 0.000238 | Train Loss: 0.7109 (cls: 0.5332, jepa: 0.1777) | Train Acc: 80.74% | Val Loss: 1.2046 | Val Acc: 82.65%
Epoch  55/100 | LR: 0.000230 | Train Loss: 0.6684 (cls: 0.5013, jepa: 0.1671) | Train Acc: 79.50% | Val Loss: 1.3375 | Val Acc: 82.20%
Epoch  56/100 | LR: 0.000222 | Train Loss: 0.7904 (cls: 0.5928, jepa: 0.1976) | Train Acc: 80.51% | Val Loss: 1.2020 | Val Acc: 81.99%
Epoch  57/100 | LR: 0.000214 | Train Loss: 0.7711 (cls: 0.5784, jepa: 0.1928) | Train Acc: 82.37% | Val Loss: 1.2200 | Val Acc: 82.54%
Epoch  58/100 | LR: 0.000205 | Train Loss: 0.7630 (cls: 0.5723, jepa: 0.1908) | Train Acc: 86.09% | Val Loss: 1.2330 | Val Acc: 84.38%
Epoch  59/100 | LR: 0.000197 | Train Loss: 0.6157 (cls: 0.4618, jepa: 0.1539) | Train Acc: 80.54% | Val Loss: 1.2317 | Val Acc: 84.77%
Epoch  60/100 | LR: 0.000189 | Train Loss: 0.6919 (cls: 0.5189, jepa: 0.1730) | Train Acc: 81.65% | Val Loss: 1.0834 | Val Acc: 84.80%
Epoch  61/100 | LR: 0.000181 | Train Loss: 0.5908 (cls: 0.4431, jepa: 0.1477) | Train Acc: 84.26% | Val Loss: 1.1083 | Val Acc: 84.81%
Epoch  62/100 | LR: 0.000173 | Train Loss: 0.6575 (cls: 0.4931, jepa: 0.1644) | Train Acc: 86.37% | Val Loss: 1.2228 | Val Acc: 86.43%
Epoch  63/100 | LR: 0.000166 | Train Loss: 0.6019 (cls: 0.4514, jepa: 0.1505) | Train Acc: 82.18% | Val Loss: 1.2570 | Val Acc: 86.56%
Epoch  64/100 | LR: 0.000158 | Train Loss: 0.6589 (cls: 0.4942, jepa: 0.1647) | Train Acc: 84.98% | Val Loss: 1.0832 | Val Acc: 88.87%
Epoch  65/100 | LR: 0.000150 | Train Loss: 0.6281 (cls: 0.4711, jepa: 0.1570) | Train Acc: 84.94% | Val Loss: 1.3007 | Val Acc: 87.63%
Epoch  66/100 | LR: 0.000143 | Train Loss: 0.6608 (cls: 0.4956, jepa: 0.1652) | Train Acc: 81.85% | Val Loss: 1.0951 | Val Acc: 87.94%
Epoch  67/100 | LR: 0.000135 | Train Loss: 0.6134 (cls: 0.4601, jepa: 0.1534) | Train Acc: 82.25% | Val Loss: 0.8453 | Val Acc: 87.44%
Epoch  68/100 | LR: 0.000128 | Train Loss: 0.5599 (cls: 0.4200, jepa: 0.1400) | Train Acc: 85.04% | Val Loss: 0.9431 | Val Acc: 88.99%
Epoch  69/100 | LR: 0.000121 | Train Loss: 0.4920 (cls: 0.3690, jepa: 0.1230) | Train Acc: 81.49% | Val Loss: 1.0417 | Val Acc: 89.29%
Epoch  70/100 | LR: 0.000114 | Train Loss: 0.5929 (cls: 0.4447, jepa: 0.1482) | Train Acc: 87.40% | Val Loss: 1.1248 | Val Acc: 89.34%
Epoch  71/100 | LR: 0.000107 | Train Loss: 0.5269 (cls: 0.3952, jepa: 0.1317) | Train Acc: 84.77% | Val Loss: 0.9169 | Val Acc: 89.46%
Epoch  72/100 | LR: 0.000101 | Train Loss: 0.4163 (cls: 0.3122, jepa: 0.1041) | Train Acc: 86.66% | Val Loss: 0.9251 | Val Acc: 90.07%
Epoch  73/100 | LR: 0.000094 | Train Loss: 0.4800 (cls: 0.3600, jepa: 0.1200) | Train Acc: 87.35% | Val Loss: 0.9515 | Val Acc: 90.98%
Epoch  74/100 | LR: 0.000088 | Train Loss: 0.4819 (cls: 0.3614, jepa: 0.1205) | Train Acc: 85.67% | Val Loss: 0.8080 | Val Acc: 90.37%
Epoch  75/100 | LR: 0.000082 | Train Loss: 0.4929 (cls: 0.3697, jepa: 0.1232) | Train Acc: 87.22% | Val Loss: 1.0159 | Val Acc: 91.46%
Epoch  76/100 | LR: 0.000076 | Train Loss: 0.5430 (cls: 0.4073, jepa: 0.1358) | Train Acc: 85.90% | Val Loss: 0.7952 | Val Acc: 91.10%
Epoch  77/100 | LR: 0.000070 | Train Loss: 0.4994 (cls: 0.3746, jepa: 0.1249) | Train Acc: 88.39% | Val Loss: 1.0970 | Val Acc: 90.60%
Epoch  78/100 | LR: 0.000064 | Train Loss: 0.5050 (cls: 0.3787, jepa: 0.1262) | Train Acc: 83.97% | Val Loss: 0.8446 | Val Acc: 91.37%
Epoch  79/100 | LR: 0.000059 | Train Loss: 0.4698 (cls: 0.3523, jepa: 0.1174) | Train Acc: 88.92% | Val Loss: 0.6700 | Val Acc: 91.44%
Epoch  80/100 | LR: 0.000054 | Train Loss: 0.4051 (cls: 0.3038, jepa: 0.1013) | Train Acc: 89.74% | Val Loss: 1.0532 | Val Acc: 92.01%
Epoch  81/100 | LR: 0.000049 | Train Loss: 0.5468 (cls: 0.4101, jepa: 0.1367) | Train Acc: 84.29% | Val Loss: 0.6605 | Val Acc: 91.88%
Epoch  82/100 | LR: 0.000044 | Train Loss: 0.5312 (cls: 0.3984, jepa: 0.1328) | Train Acc: 89.10% | Val Loss: 1.0427 | Val Acc: 91.11%
Epoch  83/100 | LR: 0.000039 | Train Loss: 0.4768 (cls: 0.3576, jepa: 0.1192) | Train Acc: 85.00% | Val Loss: 0.7585 | Val Acc: 91.89%
Epoch  84/100 | LR: 0.000035 | Train Loss: 0.4445 (cls: 0.3334, jepa: 0.1111) | Train Acc: 88.04% | Val Loss: 0.6795 | Val Acc: 92.49%
Epoch  85/100 | LR: 0.000031 | Train Loss: 0.4494 (cls: 0.3370, jepa: 0.1123) | Train Acc: 92.77% | Val Loss: 0.8334 | Val Acc: 91.56%
Epoch  86/100 | LR: 0.000027 | Train Loss: 0.4384 (cls: 0.3288, jepa: 0.1096) | Train Acc: 87.94% | Val Loss: 0.8128 | Val Acc: 92.33%
Epoch  87/100 | LR: 0.000024 | Train Loss: 0.3760 (cls: 0.2820, jepa: 0.0940) | Train Acc: 93.01% | Val Loss: 0.7774 | Val Acc: 92.48%
Epoch  88/100 | LR: 0.000020 | Train Loss: 0.3866 (cls: 0.2899, jepa: 0.0966) | Train Acc: 88.08% | Val Loss: 0.7708 | Val Acc: 92.76%
Epoch  89/100 | LR: 0.000017 | Train Loss: 0.4367 (cls: 0.3275, jepa: 0.1092) | Train Acc: 89.44% | Val Loss: 0.7654 | Val Acc: 92.54%
Epoch  90/100 | LR: 0.000015 | Train Loss: 0.4475 (cls: 0.3356, jepa: 0.1119) | Train Acc: 89.59% | Val Loss: 0.8361 | Val Acc: 92.70%
Epoch  91/100 | LR: 0.000012 | Train Loss: 0.3992 (cls: 0.2994, jepa: 0.0998) | Train Acc: 88.39% | Val Loss: 0.6868 | Val Acc: 91.93%
Epoch  92/100 | LR: 0.000010 | Train Loss: 0.3517 (cls: 0.2638, jepa: 0.0879) | Train Acc: 91.98% | Val Loss: 0.9102 | Val Acc: 92.40%
Epoch  93/100 | LR: 0.000008 | Train Loss: 0.5109 (cls: 0.3832, jepa: 0.1277) | Train Acc: 90.44% | Val Loss: 0.7075 | Val Acc: 91.75%
Epoch  94/100 | LR: 0.000006 | Train Loss: 0.3894 (cls: 0.2920, jepa: 0.0973) | Train Acc: 87.55% | Val Loss: 0.7671 | Val Acc: 92.40%
Epoch  95/100 | LR: 0.000004 | Train Loss: 0.3665 (cls: 0.2749, jepa: 0.0916) | Train Acc: 89.12% | Val Loss: 0.9100 | Val Acc: 92.21%
Epoch  96/100 | LR: 0.000003 | Train Loss: 0.3780 (cls: 0.2835, jepa: 0.0945) | Train Acc: 89.13% | Val Loss: 0.8200 | Val Acc: 92.43%
Epoch  97/100 | LR: 0.000002 | Train Loss: 0.3484 (cls: 0.2613, jepa: 0.0871) | Train Acc: 91.88% | Val Loss: 0.7928 | Val Acc: 92.98%
Epoch  98/100 | LR: 0.000002 | Train Loss: 0.4493 (cls: 0.3370, jepa: 0.1123) | Train Acc: 89.93% | Val Loss: 0.6322 | Val Acc: 93.20%
Epoch  99/100 | LR: 0.000001 | Train Loss: 0.3564 (cls: 0.2673, jepa: 0.0891) | Train Acc: 93.54% | Val Loss: 0.7054 | Val Acc: 93.08%
Epoch 100/100 | LR: 0.000001 | Train Loss: 0.3137 (cls: 0.2353, jepa: 0.0784) | Train Acc: 92.39% | Val Loss: 0.6068 | Val Acc: 92.44%

Best Val Acc: 93.20%
Training completed.
