============================================================
  Hybrid V-JEPA × VideoMamba — Training Log
  Experiment: ucf101_split3_joint
  Seed: 43
============================================================

Epoch   1/100 | LR: 0.000100 | Train Loss: 4.2181 (cls: 3.1636, jepa: 1.0545) | Train Acc: 22.96% | Val Loss: 4.4694 | Val Acc: 30.00%
Epoch   2/100 | LR: 0.000200 | Train Loss: 3.9505 (cls: 2.9629, jepa: 0.9876) | Train Acc: 21.24% | Val Loss: 4.3011 | Val Acc: 30.00%
Epoch   3/100 | LR: 0.000300 | Train Loss: 3.9005 (cls: 2.9254, jepa: 0.9751) | Train Acc: 26.71% | Val Loss: 4.2963 | Val Acc: 30.00%
Epoch   4/100 | LR: 0.000400 | Train Loss: 3.6283 (cls: 2.7212, jepa: 0.9071) | Train Acc: 27.50% | Val Loss: 4.0727 | Val Acc: 30.00%
Epoch   5/100 | LR: 0.000500 | Train Loss: 3.6298 (cls: 2.7223, jepa: 0.9074) | Train Acc: 27.46% | Val Loss: 3.9744 | Val Acc: 30.00%
Epoch   6/100 | LR: 0.000500 | Train Loss: 3.3882 (cls: 2.5411, jepa: 0.8470) | Train Acc: 32.17% | Val Loss: 3.7075 | Val Acc: 30.00%
Epoch   7/100 | LR: 0.000499 | Train Loss: 3.2578 (cls: 2.4433, jepa: 0.8144) | Train Acc: 34.10% | Val Loss: 3.7645 | Val Acc: 30.00%
Epoch   8/100 | LR: 0.000499 | Train Loss: 3.3152 (cls: 2.4864, jepa: 0.8288) | Train Acc: 37.79% | Val Loss: 3.5755 | Val Acc: 30.00%
Epoch   9/100 | LR: 0.000498 | Train Loss: 3.1372 (cls: 2.3529, jepa: 0.7843) | Train Acc: 36.18% | Val Loss: 3.6722 | Val Acc: 30.00%
Epoch  10/100 | LR: 0.000497 | Train Loss: 2.8810 (cls: 2.1608, jepa: 0.7203) | Train Acc: 37.09% | Val Loss: 3.4231 | Val Acc: 30.00%
Epoch  11/100 | LR: 0.000495 | Train Loss: 2.8131 (cls: 2.1098, jepa: 0.7033) | Train Acc: 38.63% | Val Loss: 3.3225 | Val Acc: 30.00%
Epoch  12/100 | LR: 0.000493 | Train Loss: 2.6987 (cls: 2.0240, jepa: 0.6747) | Train Acc: 42.11% | Val Loss: 3.4590 | Val Acc: 30.00%
Epoch  13/100 | LR: 0.000491 | Train Loss: 2.6812 (cls: 2.0109, jepa: 0.6703) | Train Acc: 43.59% | Val Loss: 3.1562 | Val Acc: 30.00%
Epoch  14/100 | LR: 0.000489 | Train Loss: 2.6115 (cls: 1.9586, jepa: 0.6529) | Train Acc: 48.23% | Val Loss: 3.1038 | Val Acc: 30.00%
Epoch  15/100 | LR: 0.000486 | Train Loss: 2.5395 (cls: 1.9046, jepa: 0.6349) | Train Acc: 48.70% | Val Loss: 2.8054 | Val Acc: 30.00%
Epoch  16/100 | LR: 0.000484 | Train Loss: 2.4060 (cls: 1.8045, jepa: 0.6015) | Train Acc: 48.02% | Val Loss: 2.9468 | Val Acc: 30.00%
Epoch  17/100 | LR: 0.000481 | Train Loss: 2.3490 (cls: 1.7618, jepa: 0.5873) | Train Acc: 50.49% | Val Loss: 2.9782 | Val Acc: 30.00%
Epoch  18/100 | LR: 0.000477 | Train Loss: 2.2984 (cls: 1.7238, jepa: 0.5746) | Train Acc: 54.29% | Val Loss: 2.9093 | Val Acc: 30.00%
Epoch  19/100 | LR: 0.000474 | Train Loss: 2.1576 (cls: 1.6182, jepa: 0.5394) | Train Acc: 52.78% | Val Loss: 2.7655 | Val Acc: 30.00%
Epoch  20/100 | LR: 0.000470 | Train Loss: 2.1228 (cls: 1.5921, jepa: 0.5307) | Train Acc: 53.69% | Val Loss: 2.3958 | Val Acc: 30.00%
Epoch  21/100 | LR: 0.000466 | Train Loss: 2.1124 (cls: 1.5843, jepa: 0.5281) | Train Acc: 52.69% | Val Loss: 2.7658 | Val Acc: 30.94%
Epoch  22/100 | LR: 0.000462 | Train Loss: 1.8415 (cls: 1.3811, jepa: 0.4604) | Train Acc: 56.29% | Val Loss: 2.3831 | Val Acc: 32.78%
Epoch  23/100 | LR: 0.000457 | Train Loss: 1.9249 (cls: 1.4436, jepa: 0.4812) | Train Acc: 55.84% | Val Loss: 2.4634 | Val Acc: 34.75%
Epoch  24/100 | LR: 0.000452 | Train Loss: 1.8636 (cls: 1.3977, jepa: 0.4659) | Train Acc: 63.01% | Val Loss: 2.5327 | Val Acc: 35.99%
Epoch  25/100 | LR: 0.000447 | Train Loss: 1.7370 (cls: 1.3027, jepa: 0.4342) | Train Acc: 58.86% | Val Loss: 2.2755 | Val Acc: 37.51%
Epoch  26/100 | LR: 0.000442 | Train Loss: 1.6923 (cls: 1.2692, jepa: 0.4231) | Train Acc: 62.25% | Val Loss: 2.3912 | Val Acc: 40.39%
Epoch  27/100 | LR: 0.000437 | Train Loss: 1.6949 (cls: 1.2712, jepa: 0.4237) | Train Acc: 58.87% | Val Loss: 2.2470 | Val Acc: 42.85%
Epoch  28/100 | LR: 0.000431 | Train Loss: 1.6394 (cls: 1.2295, jepa: 0.4098) | Train Acc: 62.26% | Val Loss: 2.2914 | Val Acc: 44.17%
Epoch  29/100 | LR: 0.000425 | Train Loss: 1.4414 (cls: 1.0810, jepa: 0.3603) | Train Acc: 67.61% | Val Loss: 2.2852 | Val Acc: 46.04%
Epoch  30/100 | LR: 0.000419 | Train Loss: 1.5157 (cls: 1.1367, jepa: 0.3789) | Train Acc: 64.68% | Val Loss: 2.0871 | Val Acc: 47.23%
Epoch  31/100 | LR: 0.000413 | Train Loss: 1.3469 (cls: 1.0101, jepa: 0.3367) | Train Acc: 65.11% | Val Loss: 1.8899 | Val Acc: 50.54%
Epoch  32/100 | LR: 0.000407 | Train Loss: 1.3778 (cls: 1.0333, jepa: 0.3444) | Train Acc: 65.54% | Val Loss: 2.1554 | Val Acc: 52.25%
Epoch  33/100 | LR: 0.000400 | Train Loss: 1.3717 (cls: 1.0287, jepa: 0.3429) | Train Acc: 67.31% | Val Loss: 1.9373 | Val Acc: 53.51%
Epoch  34/100 | LR: 0.000394 | Train Loss: 1.3026 (cls: 0.9769, jepa: 0.3256) | Train Acc: 67.02% | Val Loss: 1.9502 | Val Acc: 55.39%
Epoch  35/100 | LR: 0.000387 | Train Loss: 1.2546 (cls: 0.9410, jepa: 0.3137) | Train Acc: 70.01% | Val Loss: 1.9532 | Val Acc: 57.30%
Epoch  36/100 | LR: 0.000380 | Train Loss: 1.1794 (cls: 0.8846, jepa: 0.2949) | Train Acc: 68.12% | Val Loss: 1.8868 | Val Acc: 59.18%
Epoch  37/100 | LR: 0.000373 | Train Loss: 1.2017 (cls: 0.9013, jepa: 0.3004) | Train Acc: 73.36% | Val Loss: 1.9611 | Val Acc: 60.83%
Epoch  38/100 | LR: 0.000366 | Train Loss: 1.2446 (cls: 0.9335, jepa: 0.3112) | Train Acc: 72.40% | Val Loss: 1.8347 | Val Acc: 62.90%
Epoch  39/100 | LR: 0.000358 | Train Loss: 1.1333 (cls: 0.8500, jepa: 0.2833) | Train Acc: 69.47% | Val Loss: 1.6781 | Val Acc: 64.14%
Epoch  40/100 | LR: 0.000351 | Train Loss: 1.0869 (cls: 0.8152, jepa: 0.2717) | Train Acc: 70.94% | Val Loss: 1.7177 | Val Acc: 65.54%
Epoch  41/100 | LR: 0.000343 | Train Loss: 1.1471 (cls: 0.8603, jepa: 0.2868) | Train Acc: 71.33% | Val Loss: 1.6112 | Val Acc: 66.79%
Epoch  42/100 | LR: 0.000335 | Train Loss: 0.9837 (cls: 0.7378, jepa: 0.2459) | Train Acc: 71.68% | Val Loss: 1.6198 | Val Acc: 68.61%
Epoch  43/100 | LR: 0.000328 | Train Loss: 1.0424 (cls: 0.7818, jepa: 0.2606) | Train Acc: 78.86% | Val Loss: 1.4591 | Val Acc: 70.17%
Epoch  44/100 | LR: 0.000320 | Train Loss: 0.9794 (cls: 0.7345, jepa: 0.2448) | Train Acc: 74.69% | Val Loss: 1.6984 | Val Acc: 72.95%
Epoch  45/100 | LR: 0.000312 | Train Loss: 0.9275 (cls: 0.6956, jepa: 0.2319) | Train Acc: 71.44% | Val Loss: 1.4920 | Val Acc: 73.85%
Epoch  46/100 | LR: 0.000304 | Train Loss: 1.0037 (cls: 0.7527, jepa: 0.2509) | Train Acc: 75.88% | Val Loss: 1.3867 | Val Acc: 74.84%
Epoch  47/100 | LR: 0.000296 | Train Loss: 0.9081 (cls: 0.6811, jepa: 0.2270) | Train Acc: 79.00% | Val Loss: 1.4964 | Val Acc: 75.79%
Epoch  48/100 | LR: 0.000287 | Train Loss: 0.8569 (cls: 0.6427, jepa: 0.2142) | Train Acc: 79.04% | Val Loss: 1.5022 | Val Acc: 77.37%
Epoch  49/100 | LR: 0.000279 | Train Loss: 0.8792 (cls: 0.6594, jepa: 0.2198) | Train Acc: 75.98% | Val Loss: 1.5510 | Val Acc: 78.00%
Epoch  50/100 | LR: 0.000271 | Train Loss: 0.8239 (cls: 0.6180, jepa: 0.2060) | Train Acc: 76.20% | Val Loss: 1.5585 | Val Acc: 79.34%
Epoch  51/100 | LR: 0.000263 | Train Loss: 0.8248 (cls: 0.6186, jepa: 0.2062) | Train Acc: 80.98% | Val Loss: 1.5964 | Val Acc: 79.60%
Epoch  52/100 | LR: 0.000255 | Train Loss: 0.8040 (cls: 0.6030, jepa: 0.2010) | Train Acc: 81.92% | Val Loss: 1.3352 | Val Acc: 81.53%
Epoch  53/100 | LR: 0.000246 | Train Loss: 0.8236 (cls: 0.6177, jepa: 0.2059) | Train Acc: 83.49% | Val Loss: 1.2484 | Val Acc: 82.69%
Epoch  54/100 | LR: 0.000238 | Train Loss: 0.8125 (cls: 0.6094, jepa: 0.2031) | Train Acc: 84.41% | Val Loss: 1.2077 | Val Acc: 82.85%
Epoch  55/100 | LR: 0.000230 | Train Loss: 0.7757 (cls: 0.5817, jepa: 0.1939) | Train Acc: 79.74% | Val Loss: 1.2685 | Val Acc: 83.26%
Epoch  56/100 | LR: 0.000222 | Train Loss: 0.7408 (cls: 0.5556, jepa: 0.1852) | Train Acc: 82.43% | Val Loss: 1.1156 | Val Acc: 85.78%
Epoch  57/100 | LR: 0.000214 | Train Loss: 0.6825 (cls: 0.5119, jepa: 0.1706) | Train Acc: 81.33% | Val Loss: 1.1491 | Val Acc: 86.04%
Epoch  58/100 | LR: 0.000205 | Train Loss: 0.6949 (cls: 0.5212, jepa: 0.1737) | Train Acc: 80.30% | Val Loss: 1.3287 | Val Acc: 86.94%
Epoch  59/100 | LR: 0.000197 | Train Loss: 0.6397 (cls: 0.4797, jepa: 0.1599) | Train Acc: 83.43% | Val Loss: 1.2226 | Val Acc: 86.68%
Epoch  60/100 | LR: 0.000189 | Train Loss: 0.5918 (cls: 0.4439, jepa: 0.1480) | Train Acc: 83.13% | Val Loss: 1.2543 | Val Acc: 88.34%
Epoch  61/100 | LR: 0.000181 | Train Loss: 0.5566 (cls: 0.4175, jepa: 0.1392) | Train Acc: 83.28% | Val Loss: 1.2859 | Val Acc: 88.17%
Epoch  62/100 | LR: 0.000173 | Train Loss: 0.6563 (cls: 0.4922, jepa: 0.1641) | Train Acc: 86.30% | Val Loss: 1.0090 | Val Acc: 88.61%
Epoch  63/100 | LR: 0.000166 | Train Loss: 0.5003 (cls: 0.3752, jepa: 0.1251) | Train Acc: 84.30% | Val Loss: 1.1364 | Val Acc: 89.23%
Epoch  64/100 | LR: 0.000158 | Train Loss: 0.6020 (cls: 0.4515, jepa: 0.1505) | Train Acc: 84.52% | Val Loss: 0.9665 | Val Acc: 90.52%
Epoch  65/100 | LR: 0.000150 | Train Loss: 0.6250 (cls: 0.4687, jepa: 0.1562) | Train Acc: 86.91% | Val Loss: 1.2578 | Val Acc: 90.51%
Epoch  66/100 | LR: 0.000143 | Train Loss: 0.5705 (cls: 0.4278, jepa: 0.1426) | Train Acc: 85.00% | Val Loss: 1.0210 | Val Acc: 90.51%
Epoch  67/100 | LR: 0.000135 | Train Loss: 0.6646 (cls: 0.4985, jepa: 0.1662) | Train Acc: 82.12% | Val Loss: 0.9868 | Val Acc: 90.75%
Epoch  68/100 | LR: 0.000128 | Train Loss: 0.5657 (cls: 0.4243, jepa: 0.1414) | Train Acc: 84.69% | Val Loss: 1.0748 | Val Acc: 91.68%
Epoch  69/100 | LR: 0.000121 | Train Loss: 0.6446 (cls: 0.4834, jepa: 0.1611) | Train Acc: 87.32% | Val Loss: 0.8465 | Val Acc: 91.26%
Epoch  70/100 | LR: 0.000114 | Train Loss: 0.5236 (cls: 0.3927, jepa: 0.1309) | Train Acc: 84.63% | Val Loss: 1.1245 | Val Acc: 91.87%
Epoch  71/100 | LR: 0.000107 | Train Loss: 0.5517 (cls: 0.4137, jepa: 0.1379) | Train Acc: 83.38% | Val Loss: 1.1371 | Val Acc: 91.89%
Epoch  72/100 | LR: 0.000101 | Train Loss: 0.4651 (cls: 0.3488, jepa: 0.1163) | Train Acc: 87.85% | Val Loss: 0.8417 | Val Acc: 92.94%
Epoch  73/100 | LR: 0.000094 | Train Loss: 0.4511 (cls: 0.3383, jepa: 0.1128) | Train Acc: 87.28% | Val Loss: 1.0504 | Val Acc: 92.91%
Epoch  74/100 | LR: 0.000088 | Train Loss: 0.5359 (cls: 0.4019, jepa: 0.1340) | Train Acc: 84.86% | Val Loss: 0.9538 | Val Acc: 93.86%
Epoch  75/100 | LR: 0.000082 | Train Loss: 0.5064 (cls: 0.3798, jepa: 0.1266) | Train Acc: 87.52% | Val Loss: 0.8406 | Val Acc: 92.47%
Epoch  76/100 | LR: 0.000076 | Train Loss: 0.5326 (cls: 0.3994, jepa: 0.1331) | Train Acc: 88.73% | Val Loss: 0.9214 | Val Acc: 93.14%
Epoch  77/100 | LR: 0.000070 | Train Loss: 0.4576 (cls: 0.3432, jepa: 0.1144) | Train Acc: 86.45% | Val Loss: 0.7868 | Val Acc: 93.35%
Epoch  78/100 | LR: 0.000064 | Train Loss: 0.4408 (cls: 0.3306, jepa: 0.1102) | Train Acc: 87.55% | Val Loss: 0.8705 | Val Acc: 93.73%
Epoch  79/100 | LR: 0.000059 | Train Loss: 0.4607 (cls: 0.3455, jepa: 0.1152) | Train Acc: 88.85% | Val Loss: 0.8815 | Val Acc: 93.93%
Epoch  80/100 | LR: 0.000054 | Train Loss: 0.4439 (cls: 0.3329, jepa: 0.1110) | Train Acc: 88.08% | Val Loss: 0.9328 | Val Acc: 94.40%
Epoch  81/100 | LR: 0.000049 | Train Loss: 0.4423 (cls: 0.3317, jepa: 0.1106) | Train Acc: 87.18% | Val Loss: 0.7456 | Val Acc: 93.81%
Epoch  82/100 | LR: 0.000044 | Train Loss: 0.5316 (cls: 0.3987, jepa: 0.1329) | Train Acc: 86.92% | Val Loss: 0.8367 | Val Acc: 94.71%
Epoch  83/100 | LR: 0.000039 | Train Loss: 0.4777 (cls: 0.3582, jepa: 0.1194) | Train Acc: 87.62% | Val Loss: 0.9347 | Val Acc: 94.27%
Epoch  84/100 | LR: 0.000035 | Train Loss: 0.5182 (cls: 0.3887, jepa: 0.1296) | Train Acc: 89.43% | Val Loss: 0.8945 | Val Acc: 95.04%
Epoch  85/100 | LR: 0.000031 | Train Loss: 0.4827 (cls: 0.3620, jepa: 0.1207) | Train Acc: 89.91% | Val Loss: 1.0533 | Val Acc: 94.55%
Epoch  86/100 | LR: 0.000027 | Train Loss: 0.4142 (cls: 0.3106, jepa: 0.1035) | Train Acc: 91.11% | Val Loss: 0.8515 | Val Acc: 94.58%
Epoch  87/100 | LR: 0.000024 | Train Loss: 0.3970 (cls: 0.2978, jepa: 0.0993) | Train Acc: 88.15% | Val Loss: 0.8800 | Val Acc: 94.69%
Epoch  88/100 | LR: 0.000020 | Train Loss: 0.3648 (cls: 0.2736, jepa: 0.0912) | Train Acc: 92.48% | Val Loss: 0.8357 | Val Acc: 94.87%
Epoch  89/100 | LR: 0.000017 | Train Loss: 0.3822 (cls: 0.2867, jepa: 0.0956) | Train Acc: 92.08% | Val Loss: 0.8242 | Val Acc: 94.84%
Epoch  90/100 | LR: 0.000015 | Train Loss: 0.3299 (cls: 0.2474, jepa: 0.0825) | Train Acc: 93.93% | Val Loss: 0.7028 | Val Acc: 95.37%
Epoch  91/100 | LR: 0.000012 | Train Loss: 0.3768 (cls: 0.2826, jepa: 0.0942) | Train Acc: 90.61% | Val Loss: 0.6203 | Val Acc: 94.65%
Epoch  92/100 | LR: 0.000010 | Train Loss: 0.3972 (cls: 0.2979, jepa: 0.0993) | Train Acc: 93.05% | Val Loss: 0.8052 | Val Acc: 95.40%
Epoch  93/100 | LR: 0.000008 | Train Loss: 0.3754 (cls: 0.2816, jepa: 0.0939) | Train Acc: 93.86% | Val Loss: 0.6647 | Val Acc: 94.70%
Epoch  94/100 | LR: 0.000006 | Train Loss: 0.3346 (cls: 0.2509, jepa: 0.0836) | Train Acc: 91.50% | Val Loss: 0.7473 | Val Acc: 94.80%
Epoch  95/100 | LR: 0.000004 | Train Loss: 0.4329 (cls: 0.3247, jepa: 0.1082) | Train Acc: 87.54% | Val Loss: 0.7978 | Val Acc: 94.84%
Epoch  96/100 | LR: 0.000003 | Train Loss: 0.3951 (cls: 0.2963, jepa: 0.0988) | Train Acc: 90.61% | Val Loss: 0.6640 | Val Acc: 95.28%
Epoch  97/100 | LR: 0.000002 | Train Loss: 0.3996 (cls: 0.2997, jepa: 0.0999) | Train Acc: 92.64% | Val Loss: 0.6562 | Val Acc: 94.99%
Epoch  98/100 | LR: 0.000002 | Train Loss: 0.3198 (cls: 0.2398, jepa: 0.0799) | Train Acc: 90.77% | Val Loss: 0.6481 | Val Acc: 95.87%
Epoch  99/100 | LR: 0.000001 | Train Loss: 0.3672 (cls: 0.2754, jepa: 0.0918) | Train Acc: 93.96% | Val Loss: 0.6758 | Val Acc: 94.97%
Epoch 100/100 | LR: 0.000001 | Train Loss: 0.3722 (cls: 0.2791, jepa: 0.0930) | Train Acc: 91.00% | Val Loss: 0.6817 | Val Acc: 96.24%

Best Val Acc: 96.24%
Training completed.
