============================================================
  Hybrid V-JEPA × VideoMamba — Training Log
  Experiment: ucf101_split3_joint
  Seed: 44
============================================================

Epoch   1/100 | LR: 0.000100 | Train Loss: 4.0907 (cls: 3.0680, jepa: 1.0227) | Train Acc: 23.58% | Val Loss: 4.3343 | Val Acc: 30.00%
Epoch   2/100 | LR: 0.000200 | Train Loss: 3.9944 (cls: 2.9958, jepa: 0.9986) | Train Acc: 24.85% | Val Loss: 4.2760 | Val Acc: 30.00%
Epoch   3/100 | LR: 0.000300 | Train Loss: 3.8809 (cls: 2.9107, jepa: 0.9702) | Train Acc: 28.46% | Val Loss: 4.1456 | Val Acc: 30.00%
Epoch   4/100 | LR: 0.000400 | Train Loss: 3.6718 (cls: 2.7538, jepa: 0.9179) | Train Acc: 29.89% | Val Loss: 3.9648 | Val Acc: 30.00%
Epoch   5/100 | LR: 0.000500 | Train Loss: 3.6608 (cls: 2.7456, jepa: 0.9152) | Train Acc: 32.16% | Val Loss: 3.9101 | Val Acc: 30.00%
Epoch   6/100 | LR: 0.000500 | Train Loss: 3.4667 (cls: 2.6000, jepa: 0.8667) | Train Acc: 32.73% | Val Loss: 3.8289 | Val Acc: 30.00%
Epoch   7/100 | LR: 0.000499 | Train Loss: 3.2299 (cls: 2.4224, jepa: 0.8075) | Train Acc: 30.46% | Val Loss: 3.7639 | Val Acc: 30.00%
Epoch   8/100 | LR: 0.000499 | Train Loss: 3.0942 (cls: 2.3207, jepa: 0.7736) | Train Acc: 36.64% | Val Loss: 3.7181 | Val Acc: 30.00%
Epoch   9/100 | LR: 0.000498 | Train Loss: 3.0909 (cls: 2.3182, jepa: 0.7727) | Train Acc: 38.38% | Val Loss: 3.3901 | Val Acc: 30.00%
Epoch  10/100 | LR: 0.000497 | Train Loss: 2.9685 (cls: 2.2264, jepa: 0.7421) | Train Acc: 39.65% | Val Loss: 3.3041 | Val Acc: 30.00%
Epoch  11/100 | LR: 0.000495 | Train Loss: 2.8507 (cls: 2.1380, jepa: 0.7127) | Train Acc: 39.61% | Val Loss: 3.2522 | Val Acc: 30.00%
Epoch  12/100 | LR: 0.000493 | Train Loss: 2.7225 (cls: 2.0419, jepa: 0.6806) | Train Acc: 41.34% | Val Loss: 3.4004 | Val Acc: 30.00%
Epoch  13/100 | LR: 0.000491 | Train Loss: 2.6988 (cls: 2.0241, jepa: 0.6747) | Train Acc: 41.30% | Val Loss: 3.3607 | Val Acc: 30.00%
Epoch  14/100 | LR: 0.000489 | Train Loss: 2.5928 (cls: 1.9446, jepa: 0.6482) | Train Acc: 45.22% | Val Loss: 3.1875 | Val Acc: 30.00%
Epoch  15/100 | LR: 0.000486 | Train Loss: 2.5786 (cls: 1.9339, jepa: 0.6446) | Train Acc: 47.48% | Val Loss: 2.9507 | Val Acc: 30.00%
Epoch  16/100 | LR: 0.000484 | Train Loss: 2.4561 (cls: 1.8421, jepa: 0.6140) | Train Acc: 48.53% | Val Loss: 3.0213 | Val Acc: 30.00%
Epoch  17/100 | LR: 0.000481 | Train Loss: 2.2753 (cls: 1.7065, jepa: 0.5688) | Train Acc: 53.18% | Val Loss: 2.8803 | Val Acc: 30.00%
Epoch  18/100 | LR: 0.000477 | Train Loss: 2.2327 (cls: 1.6745, jepa: 0.5582) | Train Acc: 51.55% | Val Loss: 2.7953 | Val Acc: 30.00%
Epoch  19/100 | LR: 0.000474 | Train Loss: 2.2014 (cls: 1.6511, jepa: 0.5504) | Train Acc: 55.18% | Val Loss: 2.6427 | Val Acc: 30.00%
Epoch  20/100 | LR: 0.000470 | Train Loss: 2.0778 (cls: 1.5583, jepa: 0.5194) | Train Acc: 56.61% | Val Loss: 2.7068 | Val Acc: 30.00%
Epoch  21/100 | LR: 0.000466 | Train Loss: 2.0154 (cls: 1.5116, jepa: 0.5039) | Train Acc: 58.07% | Val Loss: 2.5837 | Val Acc: 31.24%
Epoch  22/100 | LR: 0.000462 | Train Loss: 2.0099 (cls: 1.5075, jepa: 0.5025) | Train Acc: 53.06% | Val Loss: 2.8177 | Val Acc: 32.95%
Epoch  23/100 | LR: 0.000457 | Train Loss: 1.8926 (cls: 1.4195, jepa: 0.4732) | Train Acc: 58.11% | Val Loss: 2.4909 | Val Acc: 33.98%
Epoch  24/100 | LR: 0.000452 | Train Loss: 1.7806 (cls: 1.3355, jepa: 0.4452) | Train Acc: 57.02% | Val Loss: 2.4533 | Val Acc: 36.34%
Epoch  25/100 | LR: 0.000447 | Train Loss: 1.7559 (cls: 1.3169, jepa: 0.4390) | Train Acc: 61.51% | Val Loss: 2.3197 | Val Acc: 37.47%
Epoch  26/100 | LR: 0.000442 | Train Loss: 1.7480 (cls: 1.3110, jepa: 0.4370) | Train Acc: 61.29% | Val Loss: 2.2827 | Val Acc: 41.08%
Epoch  27/100 | LR: 0.000437 | Train Loss: 1.7066 (cls: 1.2799, jepa: 0.4266) | Train Acc: 62.61% | Val Loss: 2.1003 | Val Acc: 41.69%
Epoch  28/100 | LR: 0.000431 | Train Loss: 1.6982 (cls: 1.2737, jepa: 0.4246) | Train Acc: 64.80% | Val Loss: 2.1467 | Val Acc: 44.26%
Epoch  29/100 | LR: 0.000425 | Train Loss: 1.4626 (cls: 1.0969, jepa: 0.3656) | Train Acc: 62.80% | Val Loss: 2.3311 | Val Acc: 46.16%
Epoch  30/100 | LR: 0.000419 | Train Loss: 1.4867 (cls: 1.1150, jepa: 0.3717) | Train Acc: 64.22% | Val Loss: 2.2284 | Val Acc: 47.98%
Epoch  31/100 | LR: 0.000413 | Train Loss: 1.5343 (cls: 1.1507, jepa: 0.3836) | Train Acc: 69.10% | Val Loss: 2.1508 | Val Acc: 49.97%
Epoch  32/100 | LR: 0.000407 | Train Loss: 1.3620 (cls: 1.0215, jepa: 0.3405) | Train Acc: 64.88% | Val Loss: 2.1121 | Val Acc: 51.70%
Epoch  33/100 | LR: 0.000400 | Train Loss: 1.2590 (cls: 0.9443, jepa: 0.3148) | Train Acc: 67.23% | Val Loss: 2.0913 | Val Acc: 54.72%
Epoch  34/100 | LR: 0.000394 | Train Loss: 1.3968 (cls: 1.0476, jepa: 0.3492) | Train Acc: 66.80% | Val Loss: 1.8496 | Val Acc: 55.82%
Epoch  35/100 | LR: 0.000387 | Train Loss: 1.3665 (cls: 1.0249, jepa: 0.3416) | Train Acc: 67.99% | Val Loss: 1.7991 | Val Acc: 57.33%
Epoch  36/100 | LR: 0.000380 | Train Loss: 1.2618 (cls: 0.9463, jepa: 0.3154) | Train Acc: 72.55% | Val Loss: 1.8483 | Val Acc: 59.36%
Epoch  37/100 | LR: 0.000373 | Train Loss: 1.1873 (cls: 0.8905, jepa: 0.2968) | Train Acc: 72.58% | Val Loss: 1.8694 | Val Acc: 61.22%
Epoch  38/100 | LR: 0.000366 | Train Loss: 1.1782 (cls: 0.8837, jepa: 0.2946) | Train Acc: 71.34% | Val Loss: 1.8478 | Val Acc: 63.27%
Epoch  39/100 | LR: 0.000358 | Train Loss: 1.0692 (cls: 0.8019, jepa: 0.2673) | Train Acc: 71.70% | Val Loss: 1.7904 | Val Acc: 64.55%
Epoch  40/100 | LR: 0.000351 | Train Loss: 1.1696 (cls: 0.8772, jepa: 0.2924) | Train Acc: 71.05% | Val Loss: 1.5669 | Val Acc: 65.99%
Epoch  41/100 | LR: 0.000343 | Train Loss: 1.0467 (cls: 0.7850, jepa: 0.2617) | Train Acc: 75.49% | Val Loss: 1.8013 | Val Acc: 67.63%
Epoch  42/100 | LR: 0.000335 | Train Loss: 1.0492 (cls: 0.7869, jepa: 0.2623) | Train Acc: 73.40% | Val Loss: 1.5867 | Val Acc: 69.56%
Epoch  43/100 | LR: 0.000328 | Train Loss: 1.0359 (cls: 0.7770, jepa: 0.2590) | Train Acc: 74.43% | Val Loss: 1.5256 | Val Acc: 70.12%
Epoch  44/100 | LR: 0.000320 | Train Loss: 1.0143 (cls: 0.7607, jepa: 0.2536) | Train Acc: 74.44% | Val Loss: 1.6715 | Val Acc: 71.42%
Epoch  45/100 | LR: 0.000312 | Train Loss: 1.0323 (cls: 0.7743, jepa: 0.2581) | Train Acc: 73.13% | Val Loss: 1.6171 | Val Acc: 73.86%
Epoch  46/100 | LR: 0.000304 | Train Loss: 0.9584 (cls: 0.7188, jepa: 0.2396) | Train Acc: 77.39% | Val Loss: 1.6071 | Val Acc: 74.48%
Epoch  47/100 | LR: 0.000296 | Train Loss: 0.8939 (cls: 0.6704, jepa: 0.2235) | Train Acc: 75.65% | Val Loss: 1.5752 | Val Acc: 76.70%
Epoch  48/100 | LR: 0.000287 | Train Loss: 0.9301 (cls: 0.6976, jepa: 0.2325) | Train Acc: 75.79% | Val Loss: 1.2995 | Val Acc: 77.87%
Epoch  49/100 | LR: 0.000279 | Train Loss: 0.9056 (cls: 0.6792, jepa: 0.2264) | Train Acc: 76.13% | Val Loss: 1.4965 | Val Acc: 78.47%
Epoch  50/100 | LR: 0.000271 | Train Loss: 0.8543 (cls: 0.6407, jepa: 0.2136) | Train Acc: 76.73% | Val Loss: 1.5710 | Val Acc: 80.27%
Epoch  51/100 | LR: 0.000263 | Train Loss: 0.7490 (cls: 0.5618, jepa: 0.1873) | Train Acc: 79.11% | Val Loss: 1.3920 | Val Acc: 81.06%
Epoch  52/100 | LR: 0.000255 | Train Loss: 0.8080 (cls: 0.6060, jepa: 0.2020) | Train Acc: 81.33% | Val Loss: 1.3570 | Val Acc: 82.37%
Epoch  53/100 | LR: 0.000246 | Train Loss: 0.8303 (cls: 0.6227, jepa: 0.2076) | Train Acc: 78.95% | Val Loss: 1.3208 | Val Acc: 83.79%
Epoch  54/100 | LR: 0.000238 | Train Loss: 0.7515 (cls: 0.5636, jepa: 0.1879) | Train Acc: 81.33% | Val Loss: 1.1789 | Val Acc: 83.35%
Epoch  55/100 | LR: 0.000230 | Train Loss: 0.7078 (cls: 0.5309, jepa: 0.1770) | Train Acc: 83.41% | Val Loss: 1.2040 | Val Acc: 84.95%
Epoch  56/100 | LR: 0.000222 | Train Loss: 0.7206 (cls: 0.5405, jepa: 0.1802) | Train Acc: 81.03% | Val Loss: 1.2003 | Val Acc: 85.09%
Epoch  57/100 | LR: 0.000214 | Train Loss: 0.6607 (cls: 0.4955, jepa: 0.1652) | Train Acc: 78.68% | Val Loss: 1.3485 | Val Acc: 85.78%
Epoch  58/100 | LR: 0.000205 | Train Loss: 0.7216 (cls: 0.5412, jepa: 0.1804) | Train Acc: 81.41% | Val Loss: 1.0932 | Val Acc: 87.01%
Epoch  59/100 | LR: 0.000197 | Train Loss: 0.6959 (cls: 0.5220, jepa: 0.1740) | Train Acc: 81.95% | Val Loss: 1.2212 | Val Acc: 87.29%
Epoch  60/100 | LR: 0.000189 | Train Loss: 0.6569 (cls: 0.4927, jepa: 0.1642) | Train Acc: 86.80% | Val Loss: 1.1431 | Val Acc: 87.66%
Epoch  61/100 | LR: 0.000181 | Train Loss: 0.6646 (cls: 0.4985, jepa: 0.1662) | Train Acc: 82.82% | Val Loss: 1.1614 | Val Acc: 89.49%
Epoch  62/100 | LR: 0.000173 | Train Loss: 0.5466 (cls: 0.4099, jepa: 0.1366) | Train Acc: 81.98% | Val Loss: 1.1284 | Val Acc: 88.05%
Epoch  63/100 | LR: 0.000166 | Train Loss: 0.6041 (cls: 0.4531, jepa: 0.1510) | Train Acc: 84.92% | Val Loss: 1.0219 | Val Acc: 90.14%
Epoch  64/100 | LR: 0.000158 | Train Loss: 0.6163 (cls: 0.4622, jepa: 0.1541) | Train Acc: 84.06% | Val Loss: 1.1024 | Val Acc: 90.93%
Epoch  65/100 | LR: 0.000150 | Train Loss: 0.5813 (cls: 0.4360, jepa: 0.1453) | Train Acc: 83.58% | Val Loss: 0.9035 | Val Acc: 90.83%
Epoch  66/100 | LR: 0.000143 | Train Loss: 0.5408 (cls: 0.4056, jepa: 0.1352) | Train Acc: 82.72% | Val Loss: 1.1141 | Val Acc: 90.31%
Epoch  67/100 | LR: 0.000135 | Train Loss: 0.4867 (cls: 0.3650, jepa: 0.1217) | Train Acc: 87.89% | Val Loss: 0.9552 | Val Acc: 90.76%
Epoch  68/100 | LR: 0.000128 | Train Loss: 0.6912 (cls: 0.5184, jepa: 0.1728) | Train Acc: 82.67% | Val Loss: 1.0101 | Val Acc: 91.48%
Epoch  69/100 | LR: 0.000121 | Train Loss: 0.4425 (cls: 0.3319, jepa: 0.1106) | Train Acc: 84.83% | Val Loss: 1.0789 | Val Acc: 92.13%
Epoch  70/100 | LR: 0.000114 | Train Loss: 0.5375 (cls: 0.4031, jepa: 0.1344) | Train Acc: 87.25% | Val Loss: 0.8753 | Val Acc: 92.56%
Epoch  71/100 | LR: 0.000107 | Train Loss: 0.5851 (cls: 0.4388, jepa: 0.1463) | Train Acc: 87.31% | Val Loss: 0.9535 | Val Acc: 92.57%
Epoch  72/100 | LR: 0.000101 | Train Loss: 0.5273 (cls: 0.3955, jepa: 0.1318) | Train Acc: 86.67% | Val Loss: 0.8659 | Val Acc: 92.71%
Epoch  73/100 | LR: 0.000094 | Train Loss: 0.5533 (cls: 0.4149, jepa: 0.1383) | Train Acc: 86.74% | Val Loss: 1.0690 | Val Acc: 93.33%
Epoch  74/100 | LR: 0.000088 | Train Loss: 0.4604 (cls: 0.3453, jepa: 0.1151) | Train Acc: 87.78% | Val Loss: 0.9592 | Val Acc: 93.27%
Epoch  75/100 | LR: 0.000082 | Train Loss: 0.4664 (cls: 0.3498, jepa: 0.1166) | Train Acc: 89.61% | Val Loss: 0.8905 | Val Acc: 92.92%
Epoch  76/100 | LR: 0.000076 | Train Loss: 0.4993 (cls: 0.3744, jepa: 0.1248) | Train Acc: 87.82% | Val Loss: 0.7515 | Val Acc: 93.79%
Epoch  77/100 | LR: 0.000070 | Train Loss: 0.4140 (cls: 0.3105, jepa: 0.1035) | Train Acc: 83.26% | Val Loss: 1.0492 | Val Acc: 93.64%
Epoch  78/100 | LR: 0.000064 | Train Loss: 0.4605 (cls: 0.3454, jepa: 0.1151) | Train Acc: 90.40% | Val Loss: 0.8243 | Val Acc: 94.52%
Epoch  79/100 | LR: 0.000059 | Train Loss: 0.3586 (cls: 0.2690, jepa: 0.0897) | Train Acc: 84.08% | Val Loss: 0.8786 | Val Acc: 93.87%
Epoch  80/100 | LR: 0.000054 | Train Loss: 0.5349 (cls: 0.4012, jepa: 0.1337) | Train Acc: 87.35% | Val Loss: 0.9341 | Val Acc: 94.19%
Epoch  81/100 | LR: 0.000049 | Train Loss: 0.4777 (cls: 0.3583, jepa: 0.1194) | Train Acc: 88.52% | Val Loss: 0.8354 | Val Acc: 95.11%
Epoch  82/100 | LR: 0.000044 | Train Loss: 0.4571 (cls: 0.3428, jepa: 0.1143) | Train Acc: 87.13% | Val Loss: 0.7100 | Val Acc: 95.03%
Epoch  83/100 | LR: 0.000039 | Train Loss: 0.4853 (cls: 0.3640, jepa: 0.1213) | Train Acc: 87.15% | Val Loss: 0.7676 | Val Acc: 95.27%
Epoch  84/100 | LR: 0.000035 | Train Loss: 0.5064 (cls: 0.3798, jepa: 0.1266) | Train Acc: 92.41% | Val Loss: 1.0369 | Val Acc: 94.49%
Epoch  85/100 | LR: 0.000031 | Train Loss: 0.3854 (cls: 0.2890, jepa: 0.0963) | Train Acc: 88.53% | Val Loss: 0.8004 | Val Acc: 94.47%
Epoch  86/100 | LR: 0.000027 | Train Loss: 0.4418 (cls: 0.3313, jepa: 0.1104) | Train Acc: 89.61% | Val Loss: 0.9125 | Val Acc: 95.91%
Epoch  87/100 | LR: 0.000024 | Train Loss: 0.4170 (cls: 0.3128, jepa: 0.1043) | Train Acc: 89.83% | Val Loss: 0.8771 | Val Acc: 94.55%
Epoch  88/100 | LR: 0.000020 | Train Loss: 0.3447 (cls: 0.2586, jepa: 0.0862) | Train Acc: 86.34% | Val Loss: 0.9857 | Val Acc: 94.47%
Epoch  89/100 | LR: 0.000017 | Train Loss: 0.4430 (cls: 0.3323, jepa: 0.1108) | Train Acc: 89.89% | Val Loss: 0.7856 | Val Acc: 94.56%
Epoch  90/100 | LR: 0.000015 | Train Loss: 0.3332 (cls: 0.2499, jepa: 0.0833) | Train Acc: 91.69% | Val Loss: 0.7685 | Val Acc: 95.31%
Epoch  91/100 | LR: 0.000012 | Train Loss: 0.3498 (cls: 0.2623, jepa: 0.0874) | Train Acc: 91.93% | Val Loss: 0.8249 | Val Acc: 95.36%
Epoch  92/100 | LR: 0.000010 | Train Loss: 0.3665 (cls: 0.2748, jepa: 0.0916) | Train Acc: 88.51% | Val Loss: 0.7347 | Val Acc: 96.60%
Epoch  93/100 | LR: 0.000008 | Train Loss: 0.3924 (cls: 0.2943, jepa: 0.0981) | Train Acc: 90.88% | Val Loss: 0.8414 | Val Acc: 95.70%
Epoch  94/100 | LR: 0.000006 | Train Loss: 0.3459 (cls: 0.2594, jepa: 0.0865) | Train Acc: 91.51% | Val Loss: 0.7818 | Val Acc: 95.87%
Epoch  95/100 | LR: 0.000004 | Train Loss: 0.3187 (cls: 0.2390, jepa: 0.0797) | Train Acc: 92.45% | Val Loss: 0.8256 | Val Acc: 96.08%
Epoch  96/100 | LR: 0.000003 | Train Loss: 0.3232 (cls: 0.2424, jepa: 0.0808) | Train Acc: 93.16% | Val Loss: 0.6655 | Val Acc: 95.48%
Epoch  97/100 | LR: 0.000002 | Train Loss: 0.3694 (cls: 0.2771, jepa: 0.0924) | Train Acc: 89.07% | Val Loss: 0.7002 | Val Acc: 95.70%
Epoch  98/100 | LR: 0.000002 | Train Loss: 0.3560 (cls: 0.2670, jepa: 0.0890) | Train Acc: 93.26% | Val Loss: 0.8071 | Val Acc: 95.55%
Epoch  99/100 | LR: 0.000001 | Train Loss: 0.3436 (cls: 0.2577, jepa: 0.0859) | Train Acc: 90.47% | Val Loss: 0.6419 | Val Acc: 95.96%
Epoch 100/100 | LR: 0.000001 | Train Loss: 0.3270 (cls: 0.2452, jepa: 0.0817) | Train Acc: 86.54% | Val Loss: 0.8189 | Val Acc: 96.54%

Best Val Acc: 96.60%
Training completed.
